<html>
<body>
<pre>
<h1>µVision Build Log</h1>
<h2>Tool Versions:</h2>
IDE-Version: µVision V5.18.0.0
Copyright (C) 2016 ARM Ltd and ARM Germany GmbH. All rights reserved.
License Information: YMF XU, UOM, LIC=LJWMM-XI1A0-9YDVW-QRWZ1-Z5PIV-BMT14
 
Tool Versions:
Toolchain:       MDK-ARM Professional  Version: 5.18
Toolchain Path:  C:\Keil_v5\ARM\ARMCC\Bin
C Compiler:      Armcc.exe V5.06 update 1 (build 61)
Assembler:       Armasm.exe V5.06 update 1 (build 61)
Linker/Locator:  ArmLink.exe V5.06 update 1 (build 61)
Library Manager: ArmAr.exe V5.06 update 1 (build 61)
Hex Converter:   FromElf.exe V5.06 update 1 (build 61)
CPU DLL:         SARMCM3.DLL V5.18
Dialog DLL:      DCM.DLL V1.13.6.0
Target DLL:      STLink\ST-LINKIII-KEIL_SWO.dll V2.0.18.0
Dialog DLL:      TCM.DLL V1.14.8.0
 
<h2>Project:</h2>
E:\OneDrive - The University of Melbourne\Ausdroid 2020\RoboRTS-Firmware-July2018\RoboRTS-Firmware-65950b38309c1420324ca4424ba7e84d91e1952d\MDK-ARM\rm_infantry.uvprojx
Project File Date:  11/30/2019

<h2>Output:</h2>
*** Using Compiler 'V5.06 update 1 (build 61)', folder: 'C:\Keil_v5\ARM\ARMCC\Bin'
Rebuild target 'rm_infantry'
compiling ff_gen_drv.c...
compiling system_stm32f4xx.c...
compiling syscall.c...
compiling diskio.c...
compiling arm_mat_init_f32.c...
compiling arm_mat_add_f32.c...
compiling sd_diskio.c...
compiling arm_mat_inverse_f32.c...
compiling arm_mat_mult_f32.c...
compiling arm_mat_inverse_f64.c...
compiling arm_mat_scale_f32.c...
compiling arm_mat_sub_f32.c...
assembling startup_stm32f427xx.s...
compiling arm_mat_trans_f32.c...
compiling cc936.c...
compiling ff.c...
compiling stm32f4xx_ll_sdmmc.c...
compiling stm32f4xx_hal_dma_ex.c...
compiling stm32f4xx_hal_dma.c...
compiling stm32f4xx_hal_pwr.c...
compiling stm32f4xx_hal_pwr_ex.c...
compiling stm32f4xx_hal_rcc_ex.c...
compiling stm32f4xx_hal_sd.c...
compiling stm32f4xx_hal.c...
compiling stm32f4xx_hal_can.c...
compiling stm32f4xx_hal_rtc_ex.c...
compiling stm32f4xx_hal_flash_ramfunc.c...
compiling stm32f4xx_hal_uart.c...
compiling stm32f4xx_hal_gpio.c...
compiling stm32f4xx_hal_flash_ex.c...
compiling stm32f4xx_hal_rcc.c...
compiling croutine.c...
compiling heap_4.c...
compiling stm32f4xx_hal_tim_ex.c...
compiling tasks.c...
compiling event_groups.c...
compiling stm32f4xx_hal_rtc.c...
compiling timers.c...
compiling stm32f4xx_hal_tim.c...
compiling list.c...
compiling cmsis_os.c...
compiling queue.c...
compiling port.c...
compiling stm32f4xx_hal_cortex.c...
compiling stm32f4xx_hal_flash.c...
compiling stm32f4xx_hal_spi.c...
compiling dma.c...
compiling gpio.c...
compiling stm32f4xx_hal_msp.c...
compiling bsp_driver_sd.c...
compiling tim.c...
compiling usart.c...
compiling stm32f4xx_it.c...
compiling sdio.c...
compiling freertos.c...
compiling can.c...
compiling main.c...
compiling stm32f4xx_hal_timebase_TIM.c...
compiling rtc.c...
compiling spi.c...
compiling fatfs.c...
compiling bsp_can.c...
compiling bsp_uart.c...
compiling bsp_io.c...
compiling bsp_flash.c...
compiling bsp_imu.c...
compiling cpu_utils.c...
compiling info_interactive.c...
compiling gimbal_task.c...
compiling chassis_task.c...
compiling info_get_task.c...
compiling shoot_task.c...
compiling imu_task.c...
compiling modeswitch_task.c...
compiling detect_task.c...
compiling record_task.c...
compiling protocol.c...
compiling comm_task.c...
compiling infantry_info.c...
compiling judgement_info.c...
compiling communicate.c...
compiling ramp.c...
compiling calibrate.c...
compiling pid.c...
compiling kalman_filter.c...
compiling remote_ctrl.c...
compiling keyboard.c...
compiling data_fifo.c...
linking...
Program Size: Code=79032 RO-data=2232 RW-data=1504 ZI-data=34872  
FromELF: creating hex file...
"rm_infantry\rm_infantry.axf" - 0 Error(s), 0 Warning(s).

<h2>Collection of Component include folders:</h2>
  E:\OneDrive - The University of Melbourne\Ausdroid 2020\RoboRTS-Firmware-July2018\RoboRTS-Firmware-65950b38309c1420324ca4424ba7e84d91e1952d\MDK-ARM\RTE
  C:\Keil_v5\ARM\PACK\Keil\STM32F4xx_DFP\2.13.0\Drivers\CMSIS\Device\ST\STM32F4xx\Include

<h2>Collection of Component Files used:</h2>
Build Time Elapsed:  00:02:05
</pre>
</body>
</html>
